// Jest Snapshot v1, https://goo.gl/fbAQLP

exports[`About should show app version and match snapshot 1`] = `
"<div class=\\"About__property-line\\"><span class=\\"About__property\\">App version:</span> 1.0.4-beta-2</div>
<div class=\\"About__property-line\\"><span class=\\"About__property\\">Author:</span> Daniel Febrero</div>"
`;
