// Jest Snapshot v1, https://goo.gl/fbAQLP

exports[`LeftBar should render 1`] = `
<div
  id="LeftBar__browserFavContainer"
>
  <ul
    style={Object {}}
  >
    <div
      id="LeftBar__browserFavContainerItems"
    />
    <svg
      aria-hidden={true}
      className="MuiSvgIcon-root MuiSvgIcon-fontSizeMedium css-i4bv87-MuiSvgIcon-root"
      data-testid="AddIcon"
      focusable="false"
      id="ButtonAddBrowser"
      onClick={[Function]}
      viewBox="0 0 24 24"
    >
      <path
        d="M19 13h-6v6h-2v-6H5v-2h6V5h2v6h6v2z"
      />
    </svg>
  </ul>
</div>
`;
